{
    "merged SKF from two B. uniformis genomes - stub": {
        "content": [
            {
                "versions": [
                    "versions.yml:md5,6e59f86546910700f74501184ae3d616"
                ]
            }
        ],
        "timestamp": "2026-05-28T08:05:08.728064",
        "meta": {
            "nf-test": "0.9.4",
            "nextflow": "26.04.1"
        }
    },
    "merged SKF from two Bacteroides uniformis genomes": {
        "content": [
            {
                "versions": [
                    "versions.yml:md5,6e59f86546910700f74501184ae3d616"
                ]
            }
        ],
        "timestamp": "2026-05-28T08:05:06.063679",
        "meta": {
            "nf-test": "0.9.4",
            "nextflow": "26.04.1"
        }
    }
}