{
    "three Bacteroides uniformis genomes batch_size=2 min_freq=0.9 - stub": {
        "content": [
            {
                "versions": [
                    "versions.yml:md5,59145409dbc7098e878a68a3a821e97d",
                    "versions.yml:md5,aa2058d27080f55c94de88eb9ebc3c99",
                    "versions.yml:md5,c651e6e3664ea4ada06573cc000ca425"
                ]
            }
        ],
        "timestamp": "2026-06-11T09:14:16.645395",
        "meta": {
            "nf-test": "0.9.4",
            "nextflow": "26.04.1"
        }
    },
    "three Bacteroides uniformis genomes batch_size=2 min_freq=0.9 [forces batching and weed]": {
        "content": [
            {
                "versions": [
                    "versions.yml:md5,59145409dbc7098e878a68a3a821e97d",
                    "versions.yml:md5,aa2058d27080f55c94de88eb9ebc3c99",
                    "versions.yml:md5,c651e6e3664ea4ada06573cc000ca425"
                ]
            }
        ],
        "timestamp": "2026-06-11T09:14:07.186338",
        "meta": {
            "nf-test": "0.9.4",
            "nextflow": "26.04.1"
        }
    },
    "three Bacteroides uniformis genomes batch_size=2 [forces batching] - stub": {
        "content": [
            {
                "versions": [
                    "versions.yml:md5,59145409dbc7098e878a68a3a821e97d",
                    "versions.yml:md5,aa2058d27080f55c94de88eb9ebc3c99"
                ]
            }
        ],
        "timestamp": "2026-06-11T09:14:11.565332",
        "meta": {
            "nf-test": "0.9.4",
            "nextflow": "26.04.1"
        }
    },
    "three Bacteroides uniformis genomes batch_size=2 [forces batching]": {
        "content": [
            {
                "versions": [
                    "versions.yml:md5,59145409dbc7098e878a68a3a821e97d",
                    "versions.yml:md5,aa2058d27080f55c94de88eb9ebc3c99"
                ]
            }
        ],
        "timestamp": "2026-06-11T09:13:43.599577",
        "meta": {
            "nf-test": "0.9.4",
            "nextflow": "26.04.1"
        }
    }
}