{
    "concatenate the bins of one split SKF": {
        "content": [
            {
                "versions": [
                    "versions.yml:md5,c4a3a16faf676e57e9af0cc9f573bd4f"
                ]
            }
        ],
        "timestamp": "2026-06-16T10:36:56.429849",
        "meta": {
            "nf-test": "0.9.4",
            "nextflow": "26.04.1"
        }
    },
    "concatenate two bins - stub": {
        "content": [
            {
                "versions": [
                    "versions.yml:md5,c4a3a16faf676e57e9af0cc9f573bd4f"
                ]
            }
        ],
        "timestamp": "2026-06-16T10:36:59.78056",
        "meta": {
            "nf-test": "0.9.4",
            "nextflow": "26.04.1"
        }
    }
}