{
    "merged SKF from two B. uniformis genomes - stub": {
        "content": [
            {
                "versions": [
                    "versions.yml:md5,723c31f154103a67699cb8f60b08b155"
                ]
            }
        ],
        "timestamp": "2026-05-28T08:20:58.25211",
        "meta": {
            "nf-test": "0.9.4",
            "nextflow": "26.04.1"
        }
    },
    "merged SKF from two Bacteroides uniformis genomes": {
        "content": [
            {
                "versions": [
                    "versions.yml:md5,723c31f154103a67699cb8f60b08b155"
                ]
            }
        ],
        "timestamp": "2026-05-28T08:20:55.614376",
        "meta": {
            "nf-test": "0.9.4",
            "nextflow": "26.04.1"
        }
    }
}