{
    "three Bacteroides uniformis genomes sharded into 4 bins min_freq=0.9 [exercises weed]": {
        "content": [
            {
                "versions": [
                    "versions.yml:md5,5fa465422ff1004168b68108411c6b91",
                    "versions.yml:md5,77e65b700cfdd39ab4e986dad7f73135",
                    "versions.yml:md5,826710021656b2133960940d7afb9dfe",
                    "versions.yml:md5,ce5f6a5cf52c3fb6dcb0d3c086e56c1d"
                ]
            }
        ],
        "timestamp": "2026-06-16T10:38:06.053466",
        "meta": {
            "nf-test": "0.9.4",
            "nextflow": "26.04.1"
        }
    },
    "three Bacteroides uniformis genomes sharded into 4 bins min_freq=0.9 - stub": {
        "content": [
            {
                "versions": [
                    "versions.yml:md5,5fa465422ff1004168b68108411c6b91",
                    "versions.yml:md5,77e65b700cfdd39ab4e986dad7f73135",
                    "versions.yml:md5,826710021656b2133960940d7afb9dfe",
                    "versions.yml:md5,ce5f6a5cf52c3fb6dcb0d3c086e56c1d"
                ]
            }
        ],
        "timestamp": "2026-06-16T10:38:19.536517",
        "meta": {
            "nf-test": "0.9.4",
            "nextflow": "26.04.1"
        }
    },
    "three Bacteroides uniformis genomes sharded into 4 bins - stub": {
        "content": [
            {
                "versions": [
                    "versions.yml:md5,5fa465422ff1004168b68108411c6b91",
                    "versions.yml:md5,77e65b700cfdd39ab4e986dad7f73135",
                    "versions.yml:md5,ce5f6a5cf52c3fb6dcb0d3c086e56c1d"
                ]
            }
        ],
        "timestamp": "2026-06-16T10:38:12.180035",
        "meta": {
            "nf-test": "0.9.4",
            "nextflow": "26.04.1"
        }
    },
    "three Bacteroides uniformis genomes sharded into 4 bins": {
        "content": [
            {
                "versions": [
                    "versions.yml:md5,5fa465422ff1004168b68108411c6b91",
                    "versions.yml:md5,77e65b700cfdd39ab4e986dad7f73135",
                    "versions.yml:md5,ce5f6a5cf52c3fb6dcb0d3c086e56c1d"
                ]
            }
        ],
        "timestamp": "2026-06-16T10:37:41.435279",
        "meta": {
            "nf-test": "0.9.4",
            "nextflow": "26.04.1"
        }
    }
}