{
    "split one Bacteroides uniformis SKF into 4 bins": {
        "content": [
            {
                "versions": [
                    "versions.yml:md5,48dacd0f7ef2c3152f010d20e8b38d1d"
                ]
            }
        ],
        "timestamp": "2026-06-16T10:37:12.109818",
        "meta": {
            "nf-test": "0.9.4",
            "nextflow": "26.04.1"
        }
    },
    "split one Bacteroides uniformis SKF into 4 bins - stub": {
        "content": [
            {
                "versions": [
                    "versions.yml:md5,48dacd0f7ef2c3152f010d20e8b38d1d"
                ]
            }
        ],
        "timestamp": "2026-06-16T10:37:15.473166",
        "meta": {
            "nf-test": "0.9.4",
            "nextflow": "26.04.1"
        }
    }
}