{
    "two Bacteroides uniformis genomes - stub": {
        "content": [
            {
                "versions": [
                    "versions.yml:md5,9169e885bdee04c116c9193a7be7a6aa"
                ]
            }
        ],
        "timestamp": "2026-05-27T14:11:10.913384",
        "meta": {
            "nf-test": "0.9.4",
            "nextflow": "26.04.1"
        }
    },
    "two Bacteroides uniformis genomes": {
        "content": [
            {
                "versions": [
                    "versions.yml:md5,9169e885bdee04c116c9193a7be7a6aa"
                ]
            }
        ],
        "timestamp": "2026-05-27T14:14:08.536856",
        "meta": {
            "nf-test": "0.9.4",
            "nextflow": "26.04.1"
        }
    }
}